
> firefly@6.14.5 type-check C:\Users\victor\Downloads\Firefly
> tsc --noEmit --isolatedDeclarations

src/constants/constants.ts(6,14): error TS9010: Variable must have an explicit type annotation with --isolatedDeclarations.
src/constants/constants.ts(17,14): error TS9010: Variable must have an explicit type annotation with --isolatedDeclarations.
src/content.config.ts(48,11): error TS9013: Expression type can't be inferred with --isolatedDeclarations.
src/content.config.ts(49,9): error TS9013: Expression type can't be inferred with --isolatedDeclarations.
src/content.config.ts(50,8): error TS9013: Expression type can't be inferred with --isolatedDeclarations.
src/pages/api/allPostMeta.json.ts(3,23): error TS9007: Function must have an explicit return type annotation with --isolatedDeclarations.
src/pages/api/dynamic.json.ts(11,23): error TS9007: Function must have an explicit return type annotation with --isolatedDeclarations.
src/pages/og/[...slug].ts(174,23): error TS9007: Function must have an explicit return type annotation with --isolatedDeclarations.
src/pages/rss.xml.ts(24,23): error TS9007: Function must have an explicit return type annotation with --isolatedDeclarations.
src/utils/content-utils.ts(25,23): error TS9007: Function must have an explicit return type annotation with --isolatedDeclarations.
src/utils/icon-loader.ts(6,17): error TS9007: Function must have an explicit return type annotation with --isolatedDeclarations.
src/utils/layout-utils.ts(12,36): error TS9007: Function must have an explicit return type annotation with --isolatedDeclarations.
src/utils/layout-utils.ts(77,32): error TS9007: Function must have an explicit return type annotation with --isolatedDeclarations.
src/utils/setting-utils.ts(90,17): error TS9007: Function must have an explicit return type annotation with --isolatedDeclarations.
src/utils/setting-utils.ts(181,17): error TS9007: Function must have an explicit return type annotation with --isolatedDeclarations.
src/utils/setting-utils.ts(264,17): error TS9007: Function must have an explicit return type annotation with --isolatedDeclarations.
src/utils/setting-utils.ts(281,17): error TS9007: Function must have an explicit return type annotation with --isolatedDeclarations.
src/utils/url-utils.ts(12,17): error TS9007: Function must have an explicit return type annotation with --isolatedDeclarations.
 ELIFECYCLE  Command failed with exit code 2.
